// Jest Snapshot v1, https://goo.gl/fbAQLP

exports[`<Link /> should match snapshot and find classname 1`] = `
<Link
  className="crazy-card-link"
  to="/"
/>
`;
