// Jest Snapshot v1, https://goo.gl/fbAQLP

exports[`<CardItem /> should match snapshot 1`] = `
<li
  className="card-detail additional-class"
>
  <h3
    className="card-detail__name"
  >
    <IconStudent />
    Student Life
  </h3>
  <p
    className="card-detail__info card-detail__info--apr"
  >
    Representative % APR (variable): 
    <span>
      18.9
      %
    </span>
  </p>
  <p
    className="card-detail__info card-detail__info--balance"
  >
    Balance Transfer offer duration: 
    <span>
      0
       months
    </span>
  </p>
  <p
    className="card-detail__info card-detail__info--purchase"
  >
    Purchase offer duration: 
    <span>
      6
       months
    </span>
  </p>
  <p
    className="card-detail__info card-detail__info--credit"
  >
    Credit Available: 
    <span>
      Â£
      1200
    </span>
  </p>
</li>
`;
